2026-08-25T04:05:15Z  Capturing pre-test state
2026-08-25T04:05:15Z  Stopping keying-122b.service once for the Solar test sequence
2026-08-25T04:05:16Z  GPU drain check: 1259 MiB
2026-08-25T04:05:16Z  Starting Solar profile=single-5090
2026-08-25T04:06:07Z  Loading 60s: GPU MiB=545,27358, RAM available=61Gi
2026-08-25T04:07:08Z  Loading 120s: GPU MiB=545,27360, RAM available=54Gi
2026-08-25T04:08:09Z  Loading 180s: GPU MiB=545,27360, RAM available=54Gi
2026-08-25T04:09:09Z  Loading 240s: GPU MiB=546,27360, RAM available=54Gi
2026-08-25T04:10:10Z  Loading 300s: GPU MiB=546,27360, RAM available=54Gi
2026-08-25T04:11:10Z  Loading 360s: GPU MiB=546,27364, RAM available=54Gi
2026-08-25T04:12:00Z  Solar profile=single-5090 healthy; running benchmark
2026-08-25T04:12:58Z  Stopping Solar server pid=767027
2026-08-25T04:13:12Z  Starting Solar profile=dual-layer-split
2026-08-25T04:14:03Z  Loading 60s: GPU MiB=13999,29713, RAM available=69Gi
2026-08-25T04:15:03Z  Loading 120s: GPU MiB=13999,29766, RAM available=69Gi
2026-08-25T04:16:04Z  Loading 180s: GPU MiB=13999,29691, RAM available=69Gi
2026-08-25T04:17:04Z  Loading 240s: GPU MiB=13999,29764, RAM available=69Gi
2026-08-25T04:18:05Z  Solar profile=dual-layer-split healthy; running benchmark
2026-08-25T04:19:15Z  Stopping Solar server pid=778426
2026-08-25T04:19:25Z  Solar test sequence complete
2026-08-25T04:19:25Z  Restoring keying-122b.service
2026-08-25T04:23:38Z  Production model healthy on :8001
